[www.leonsintegrations.com/index.html]
[backblue.gif]
[fade.gif]
[index.html]
[client.crisp.chat/l.js]
[www.leonsintegrations.com/feed/index.html]
[www.leonsintegrations.com/comments/feed/index.html]
[use.fontawesome.com/releases/v5.12.0/css/all.css]
[use.fontawesome.com/releases/v5.12.0/css/v4-shims.css]
[www.leonsintegrations.com/wp-includes/js/jquery/jquery.min9d52.js]
[www.leonsintegrations.com/wp-includes/js/jquery/jquery-migrate.mind617.js]
[www.leonsintegrations.com/wp-content/plugins/awesome-support/assets/admin/js/vendor/jquery.magnific-popup.min37ad.js]
[www.leonsintegrations.com/wp-content/plugins/awesome-support/assets/admin/js/admin-popup37ad.js]
[www.leonsintegrations.com/wp-content/plugins/wp-image-zoooom/assets/js/jquery.image_zoom.min756b.js]
[www.leonsintegrations.com/wp-content/plugins/wp-image-zoooom/assets/js/image_zoom-init756b.js]
[www.leonsintegrations.com/wp-json/wp/v2/pages/13.json]
[www.leonsintegrations.com/wp-json/index.html]
[www.leonsintegrations.com/xmlrpc0db0.php]
[www.leonsintegrations.com/wp-includes/wlwmanifest.xml]
[www.leonsintegrations.com/wp-json/oembed/1.0/embed9770.json]
[www.leonsintegrations.com/wp-json/oembed/1.0/embed872b]
[www.leonsintegrations.com/wp-content/uploads/2019/07/cropped-Leons-Integrations-Logo-PNG-32x32.png]
[www.leonsintegrations.com/wp-content/uploads/2019/07/cropped-Leons-Integrations-Logo-PNG-192x192.png]
[www.leonsintegrations.com/wp-content/uploads/2019/07/cropped-Leons-Integrations-Logo-PNG-180x180.png]
[www.leonsintegrations.com/wp-content/uploads/2019/12/cropped-Leons-Integrations-PNG.png]
[www.leonsintegrations.com/wp-content/uploads/2019/12/Leons-Integrations-PNG.png]
[www.leonsintegrations.com/wp-content/uploads/2021/01/BLDC-Fan-control-card-Homepage.png]
[www.leonsintegrations.com/wp-content/uploads/2021/01/Wireless-Modules-.png]
[www.leonsintegrations.com/products/index.html]
[www.leonsintegrations.com/wp-content/uploads/2021/02/Smart_street_light_1.png]
[www.leonsintegrations.com/product-category/control-cards/index.html]
[www.leonsintegrations.com/wp-content/uploads/2020/02/Home-page-image-final.png]
[www.leonsintegrations.com/product/bldc-driver-card-ceiling-fan/index.html]
[www.leonsintegrations.com/wp-content/uploads/2020/12/sPrin-2P-K01-1-150x150.jpg]
[www.leonsintegrations.com/shop/control-cards/fuel-dispenser-control-card/index.html]
[www.leonsintegrations.com/wp-content/uploads/2020/12/Buy-Bluetooth-recepit-printer-1-150x150.jpg]
[www.leonsintegrations.com/shop/smart-energy/mppt-charge-controller/index.html]
[www.leonsintegrations.com/wp-content/uploads/2020/12/sPrin-2D-M01-150x150.jpg]
[www.leonsintegrations.com/shop/smart-energy/1-o-energy-meter/index.html]
[www.leonsintegrations.com/wp-content/uploads/2020/01/Asset-61t06-V3-New-150x150.png]
[www.leonsintegrations.com/smart-energy/index.html]
[www.leonsintegrations.com/product/3-o-energy-meter/index.html]
[www.leonsintegrations.com/wp-content/uploads/2020/01/800C-2-150x150.png]
[www.leonsintegrations.com/iot-iiot-modules/index.html]
[www.leonsintegrations.com/wp-content/uploads/2020/01/800C-1-150x150.png]
[www.leonsintegrations.com/bluetooth-module/index.html]
[www.leonsintegrations.com/wp-content/uploads/2020/01/RS10-150x150.png]
[www.leonsintegrations.com/shop/iot-iiot-module/bluetooth-module/1t01/index.html]
[www.leonsintegrations.com/wp-content/uploads/2020/01/LIBT-1N01-150x150.png]
[www.leonsintegrations.com/wp-content/uploads/2019/12/Leons-Integrations-JPG.jpg]
[www.leonsintegrations.com/shop/iot-iiot-module/bluetooth-module/1t02/index.html]
[www.leonsintegrations.com/shop/iot-iiot-module/bluetooth-module/1n01/index.html]
[www.leonsintegrations.com/shop/iot-iiot-module/bluetooth-module/1t07/index.html]
[www.leonsintegrations.com/shop/iot-iiot-module/bluetooth-module/1r01/index.html]
[www.leonsintegrations.com/shop/iot-iiot-module/gsm-gps-module/ligsm-800c/index.html]
[www.leonsintegrations.com/gsm-gps-module/index.html]
[www.leonsintegrations.com/wp-content/plugins/contact-form-7/includes/js/scripts7923.js]
[www.leonsintegrations.com/shop/iot-iiot-module/gsm-gps-module/gsmgps-868/index.html]
[www.leonsintegrations.com/wp-content/plugins/mystickymenu/js/detectmobilebrowserad2f.js]
[www.leonsintegrations.com/shop/iot-iiot-module/gsm-gps-module/ligsm-206c/index.html]
[www.leonsintegrations.com/wi-fi-module/index.html]
[www.leonsintegrations.com/wp-content/plugins/mystickymenu/js/mystickymenu.minad2f.js]
[www.leonsintegrations.com/shop/iot-iiot-module/wi-fi-module/smwt-1e/index.html]
[www.leonsintegrations.com/shop/thermal-printer/panel-mount-thermal-printer/2-inch-panel-mount-thermal-printer/index.html]
[www.leonsintegrations.com/shop/thermal-printer/bluetooth-thermal-printer/2-bluetooth-thermal-printer/index.html]
[www.leonsintegrations.com/wp-content/plugins/woocommerce/assets/js/jquery-blockui/jquery.blockUI.min44fd.js]
[www.leonsintegrations.com/thermal-printers/index.html]
[www.leonsintegrations.com/pcb-design/index.html]
[www.leonsintegrations.com/about/index.html]
[www.leonsintegrations.com/contact-us/index.html]
[www.leonsintegrations.com/wp-content/plugins/woocommerce/assets/js/frontend/add-to-cart.min7bcd.js]
[www.leonsintegrations.com/shop/index.html]
[www.leonsintegrations.com/wp-content/plugins/woocommerce/assets/js/js-cookie/js.cookie.min6b25.js]
[www.leonsintegrations.com/wp-content/plugins/woocommerce/assets/js/frontend/woocommerce.min7bcd.js]
[www.leonsintegrations.com/careers/index.html]
[www.leonsintegrations.com/wp-content/plugins/woocommerce/assets/js/frontend/cart-fragments.min7bcd.js]
[www.leonsintegrations.com/wp-includes/js/imagesloaded.mineda1.js]
[www.leonsintegrations.com/wp-content/themes/oceanwp/assets/js/third/woo/woo-scripts.minef6d.js]
[www.leonsintegrations.com/wp-content/themes/oceanwp/assets/js/third/magnific-popup.minef6d.js]
[www.leonsintegrations.com/wp-content/themes/oceanwp/assets/js/third/lightbox.minef6d.js]
[www.leonsintegrations.com/wp-content/themes/oceanwp/assets/js/main.minef6d.js]
[www.leonsintegrations.com/wp-content/themes/oceanwp/assets/js/third/woo/woo-thumbnails.minef6d.js]
[www.leonsintegrations.com/wp-content/themes/oceanwp/assets/js/third/woo/woo-display-cart.minef6d.js]
[www.leonsintegrations.com/wp-content/themes/oceanwp/assets/js/third/woo/woo-mini-cart.minef6d.js]
[www.leonsintegrations.com/wp-content/plugins/ocean-extra/includes/widgets/js/share.min3d41.js]
[www.leonsintegrations.com/wp-content/plugins/cf7-conditional-fields/js/scriptsa8cf.js]
[www.leonsintegrations.com/wp-content/themes/oceanwp/assets/js/third/nicescroll.minef6d.js]
[www.leonsintegrations.com/wp-content/plugins/ocean-modal-window/assets/js/main.minf488.js]
[www.leonsintegrations.com/wp-content/plugins/ocean-product-sharing/assets/js/social.minf488.js]
[www.leonsintegrations.com/wp-content/plugins/ocean-stick-anything/assets/js/sticky-kit.min4b68.js]
[www.leonsintegrations.com/wp-content/plugins/ocean-stick-anything/assets/js/main.min4b68.js]
[www.leonsintegrations.com/wp-includes/js/wp-embed.min3d41.js]
[www.leonsintegrations.com/wp-content/plugins/woocommerce/assets/js/flexslider/jquery.flexslider.mineed8.js]
[www.leonsintegrations.com/wp-content/plugins/woocommerce/assets/js/photoswipe/photoswipe.min0235.js]
[www.leonsintegrations.com/wp-content/plugins/woocommerce/assets/js/photoswipe/photoswipe-ui-default.min0235.js]
[www.leonsintegrations.com/wp-includes/js/underscore.min4511.js]
[www.leonsintegrations.com/wp-includes/js/wp-util.min3d41.js]
[www.leonsintegrations.com/wp-content/plugins/woo-variation-swatches/assets/js/frontend.mind279.js]
[www.leonsintegrations.com/wp-content/plugins/woocommerce/assets/js/frontend/add-to-cart-variation.min7bcd.js]
[www.leonsintegrations.com/wp-content/plugins/woocommerce/assets/js/frontend/single-product.min7bcd.js]
[www.leonsintegrations.com/wp-content/plugins/elementor/assets/js/frontend-modules.minc578.js]
[www.leonsintegrations.com/wp-includes/js/jquery/ui/core.min35d0.js]
[www.leonsintegrations.com/wp-content/plugins/elementor/assets/lib/dialog/dialog.mina288.js]
[www.leonsintegrations.com/wp-content/plugins/elementor/assets/lib/waypoints/waypoints.min05da.js]
[www.leonsintegrations.com/wp-content/plugins/elementor/assets/lib/swiper/swiper.min48f5.js]
[www.leonsintegrations.com/wp-content/plugins/elementor/assets/lib/share-link/share-link.minc578.js]
[www.leonsintegrations.com/wp-content/plugins/elementor/assets/js/frontend.minc578.js]
[www.leonsintegrations.com/wp-content/plugins/wpforms-lite/assets/js/integrations/elementor/frontend.min2745.js]
[www.leonsintegrations.com/wp-content/plugins/wpforms-lite/assets/js/jquery.validate.minb3a6.js]
[www.leonsintegrations.com/wp-content/plugins/wpforms-lite/assets/js/mailcheck.mincfa9.js]
[www.leonsintegrations.com/wp-content/plugins/wpforms-lite/assets/js/wpforms2745.js]
[www.leonsintegrations.com/index.html]
[www.leonsintegrations.com/wp-content/plugins/awesome-support/assets/admin/css/vendor/magnific-popup37ad.css]
[www.leonsintegrations.com/wp-content/plugins/awesome-support/assets/admin/css/admin-popup37ad.css]
[www.leonsintegrations.com/wp-includes/css/dist/block-library/style.min3d41.css]
[www.leonsintegrations.com/wp-includes/css/dist/block-library/theme.min3d41.css]
[www.leonsintegrations.com/wp-content/plugins/woocommerce/packages/woocommerce-blocks/build/vendors-style7e2e.css]
[www.leonsintegrations.com/wp-content/plugins/woocommerce/packages/woocommerce-blocks/build/style7e2e.css]
[www.leonsintegrations.com/wp-content/plugins/contact-form-7/assets/ajax-loader.gif]
[www.leonsintegrations.com/wp-content/plugins/contact-form-7/includes/css/styles7923.css]
[www.leonsintegrations.com/wp-content/themes/oceanwp/assets/fonts/fontawesome/webfonts/fa-brands-400.eot]
[www.leonsintegrations.com/wp-content/themes/oceanwp/assets/fonts/fontawesome/webfonts/fa-brands-400.woff2]
[www.leonsintegrations.com/wp-content/themes/oceanwp/assets/fonts/fontawesome/webfonts/fa-brands-400d41d.eot]
[www.leonsintegrations.com/wp-content/themes/oceanwp/assets/fonts/fontawesome/webfonts/fa-brands-400.woff]
[www.leonsintegrations.com/wp-content/themes/oceanwp/assets/fonts/fontawesome/webfonts/fa-brands-400.ttf]
[www.leonsintegrations.com/wp-content/themes/oceanwp/assets/fonts/fontawesome/webfonts/fa-regular-400.eot]
[www.leonsintegrations.com/wp-content/themes/oceanwp/assets/fonts/fontawesome/webfonts/fa-regular-400.woff2]
[www.leonsintegrations.com/wp-content/themes/oceanwp/assets/fonts/fontawesome/webfonts/fa-regular-400d41d.eot]
[www.leonsintegrations.com/wp-content/themes/oceanwp/assets/fonts/fontawesome/webfonts/fa-regular-400.woff]
[www.leonsintegrations.com/wp-content/themes/oceanwp/assets/fonts/fontawesome/webfonts/fa-regular-400.ttf]
[www.leonsintegrations.com/wp-content/themes/oceanwp/assets/fonts/fontawesome/webfonts/fa-solid-900.eot]
[www.leonsintegrations.com/wp-content/themes/oceanwp/assets/fonts/fontawesome/webfonts/fa-solid-900.woff2]
[www.leonsintegrations.com/wp-content/themes/oceanwp/assets/fonts/fontawesome/webfonts/fa-solid-900d41d.eot]
[www.leonsintegrations.com/wp-content/themes/oceanwp/assets/fonts/fontawesome/webfonts/fa-solid-900.woff]
[www.leonsintegrations.com/wp-content/themes/oceanwp/assets/fonts/fontawesome/webfonts/fa-solid-900.ttf]
[www.leonsintegrations.com/wp-content/themes/oceanwp/assets/fonts/fontawesome/css/all.minaec5.css]
[www.leonsintegrations.com/wp-content/themes/oceanwp/assets/fonts/simple-line-icons/Simple-Line-Iconsb26c.eot]
[www.leonsintegrations.com/wp-content/themes/oceanwp/assets/fonts/simple-line-icons/Simple-Line-Iconsb26c.woff2]
[www.leonsintegrations.com/wp-content/themes/oceanwp/assets/fonts/simple-line-icons/Simple-Line-Iconsb26c.ttf]
[www.leonsintegrations.com/wp-content/themes/oceanwp/assets/fonts/simple-line-icons/Simple-Line-Iconsb26c.woff]
[www.leonsintegrations.com/wp-content/themes/oceanwp/assets/css/third/simple-line-icons.min8d5a.css]
[www.leonsintegrations.com/wp-content/themes/oceanwp/assets/css/third/magnific-popup.min8a54.css]
[www.leonsintegrations.com/wp-content/themes/oceanwp/assets/fonts/slick/slick.eot]
[www.leonsintegrations.com/wp-content/themes/oceanwp/assets/fonts/slick/slickd41d.eot]
[www.leonsintegrations.com/wp-content/themes/oceanwp/assets/fonts/slick/slick.woff]
[www.leonsintegrations.com/wp-content/themes/oceanwp/assets/fonts/slick/slick.ttf]
[www.leonsintegrations.com/wp-content/themes/oceanwp/assets/css/third/slick.minaff7.css]
[www.leonsintegrations.com/wp-content/themes/oceanwp/assets/css/style.minef6d.css]
[www.leonsintegrations.com/wp-content/themes/oceanwp/assets/css/woo/woo-mini-cart.min3d41.css]
[www.leonsintegrations.com/wp-content/themes/oceanwp/assets/css/woo/woocommerce.min3d41.css]
[www.leonsintegrations.com/wp-content/themes/oceanwp/assets/fonts/star/star.eot]
[www.leonsintegrations.com/wp-content/themes/oceanwp/assets/fonts/star/stard41d.eot]
[www.leonsintegrations.com/wp-content/themes/oceanwp/assets/fonts/star/star.woff]
[www.leonsintegrations.com/wp-content/themes/oceanwp/assets/fonts/star/star.ttf]
[www.leonsintegrations.com/wp-content/themes/oceanwp/assets/css/woo/woo-star-font.min3d41.css]
[use.fontawesome.com/releases/v5.12.0/css/all.css]
[www.leonsintegrations.com/wp-content/plugins/elementor/assets/lib/eicons/fonts/eiconsc2cd.eot]
[www.leonsintegrations.com/wp-content/plugins/elementor/assets/lib/eicons/fonts/eiconsc2cd.woff2]
[www.leonsintegrations.com/wp-content/plugins/elementor/assets/lib/eicons/fonts/eiconsc2cd.woff]
[www.leonsintegrations.com/wp-content/plugins/elementor/assets/lib/eicons/fonts/eiconsc2cd.ttf]
[www.leonsintegrations.com/wp-content/plugins/elementor/assets/lib/eicons/css/elementor-icons.min74e5.css]
[www.leonsintegrations.com/wp-content/plugins/elementor/assets/lib/animations/animations.minc578.css]
[www.leonsintegrations.com/wp-content/plugins/elementor/assets/css/frontend-legacy.minc578.css]
[www.leonsintegrations.com/wp-content/plugins/elementor/assets/css/frontend.minc578.css]
[www.leonsintegrations.com/wp-content/uploads/elementor/css/post-42697db5.css]
[www.leonsintegrations.com/wp-content/uploads/elementor/css/global7db5.css]
[www.leonsintegrations.com/wp-content/uploads/elementor/css/post-13243d.css]
[www.leonsintegrations.com/wp-content/plugins/woo-variation-swatches/assets/css/frontend.mind279.css]
[www.leonsintegrations.com/wp-content/plugins/woo-variation-swatches/assets/css/wvs-theme-override.mind279.css]
[www.leonsintegrations.com/wp-content/plugins/woo-variation-swatches/assets/css/frontend-tooltip.mind279.css]
[www.leonsintegrations.com/wp-content/plugins/cf7-conditional-fields/stylea8cf.css]
[www.leonsintegrations.com/wp-content/plugins/ocean-extra/assets/img/instagram-logo.png]
[www.leonsintegrations.com/wp-content/plugins/ocean-extra/assets/img/flickr.png]
[www.leonsintegrations.com/wp-content/plugins/ocean-extra/assets/css/widgets3d41.css]
[www.leonsintegrations.com/wp-content/plugins/ocean-modal-window/assets/css/style.min3d41.css]
[www.leonsintegrations.com/wp-content/plugins/ocean-product-sharing/assets/css/style.min3d41.css]
[use.fontawesome.com/releases/v5.12.0/css/v4-shims.css]
[www.leonsintegrations.com/wp-content/plugins/elementor/assets/lib/font-awesome/css/fontawesome.minb683.css]
[www.leonsintegrations.com/wp-content/plugins/elementor/assets/lib/font-awesome/webfonts/fa-brands-400.eot]
[www.leonsintegrations.com/wp-content/plugins/elementor/assets/lib/font-awesome/webfonts/fa-brands-400.woff2]
[www.leonsintegrations.com/wp-content/plugins/elementor/assets/lib/font-awesome/webfonts/fa-brands-400.woff]
[www.leonsintegrations.com/wp-content/plugins/elementor/assets/lib/font-awesome/webfonts/fa-brands-400d41d.eot]
[www.leonsintegrations.com/wp-content/plugins/elementor/assets/lib/font-awesome/webfonts/fa-brands-400.ttf]
[www.leonsintegrations.com/wp-content/plugins/elementor/assets/lib/font-awesome/css/brands.minb683.css]
[www.leonsintegrations.com/wp-json/wp/v2/pages/18.json]
[www.leonsintegrations.com/wp-json/oembed/1.0/embed7a42.json]
[www.leonsintegrations.com/wp-json/oembed/1.0/embede3e3]
[www.leonsintegrations.com/wp-content/uploads/2019/08/2-150x150.png]
[www.leonsintegrations.com/shop/smart-energy/3-o-energy-meter/index.html]
[www.leonsintegrations.com/wp-content/uploads/2020/01/wi-fi_module-150x150.jpg]
[www.leonsintegrations.com/wp-content/uploads/2020/01/Wi-Fi-Module-150x150.jpg]
[www.leonsintegrations.com/product-category/smart-energy/index.html]
[www.leonsintegrations.com/wp-content/uploads/2020/01/final-150x150.jpg]
[www.leonsintegrations.com/wp-content/uploads/2020/01/final2-150x137.jpg]
[www.leonsintegrations.com/wp-content/uploads/2020/01/SMBT-1T07-150x150.png]
[www.leonsintegrations.com/wp-content/uploads/2019/07/sPrin-2X-A01-150x150.png]
[www.leonsintegrations.com/wp-content/uploads/2020/01/Bluetooth-thermal-printer-150x150.jpg]
[www.leonsintegrations.com/wp-content/uploads/2020/01/sPrin-2D-Q01-New-150x150.png]
[www.leonsintegrations.com/wp-content/uploads/2020/01/Poket-printer-150x150.jpg]
[www.leonsintegrations.com/wp-content/uploads/2020/01/sPrin-2P-K01-150x150.jpg]
[www.leonsintegrations.com/product-category/iot-iiot-module/index.html]
[www.leonsintegrations.com/wp-content/uploads/2020/01/Recepit-printer-with-Bluetooth-150x150.jpg]
[www.leonsintegrations.com/products/index.html]
[www.leonsintegrations.com/wp-content/uploads/2020/02/Bldc-FAN-Brochur_Dharik_2-Page-300x300.png]
[www.leonsintegrations.com/product-category/control-cards/feed/index.html]
[www.leonsintegrations.com/wp-content/uploads/2021/01/Fuel-Dispenser-Control-Card--300x300.png]
[www.leonsintegrations.com/wp-content/uploads/2020/03/img_20190223-300x296.png]
[www.leonsintegrations.com/product-category/control-cards/index7150.html]
[www.leonsintegrations.com/product-category/control-cards/index4cef.html]
[www.leonsintegrations.com/product-category/control-cards/index130f.html]
[www.leonsintegrations.com/wp-content/themes/oceanwp/assets/js/third/woo/woo-off-canvas.minef6d.js]
[www.leonsintegrations.com/product/fuel-dispenser-control-card/index.html]
[www.leonsintegrations.com/wp-includes/js/jquery/ui/mouse.min35d0.js]
[www.leonsintegrations.com/product/mppt-charge-controller/index.html]
[www.leonsintegrations.com/wp-includes/js/jquery/ui/slider.min35d0.js]
[www.leonsintegrations.com/wp-content/plugins/woocommerce/assets/js/jquery-ui-touch-punch/jquery-ui-touch-punch.min7bcd.js]
[www.leonsintegrations.com/wp-content/plugins/woocommerce/assets/js/accounting/accounting.minaffb.js]
[www.leonsintegrations.com/wp-content/plugins/woocommerce/assets/js/frontend/price-slider.min7bcd.js]
[www.leonsintegrations.com/wp-content/plugins/woocommerce/assets/js/selectWoo/selectWoo.full.min0ba6.js]
[www.leonsintegrations.com/product-category/control-cards/index.html]
[www.leonsintegrations.com/wp-json/wp/v2/product/4596.json]
[www.leonsintegrations.com/shop/control-cards/bldc-driver-card-ceiling-fan/index.html]
[www.leonsintegrations.com/product/bldc-driver-card-ceiling-fan/feed/index.html]
[www.leonsintegrations.com/wp-json/oembed/1.0/embed3833.json]
[www.leonsintegrations.com/wp-json/oembed/1.0/embed16e0]
[www.leonsintegrations.com/wp-content/uploads/2020/02/Bldc-FAN-Brochur_Dharik_2-Page.png]
[www.leonsintegrations.com/wp-content/uploads/2020/02/Bldc-FAN-Brochur_Dharik_2-Page-600x615.png]
[www.leonsintegrations.com/wp-content/uploads/2020/01/pdf.png]
[www.leonsintegrations.com/wp-content/uploads/2020/01/Cart.png]
[www.leonsintegrations.com/wp-content/uploads/2020/02/customer-review.png]
[www.leonsintegrations.com/wp-content/uploads/2021/01/bluetooth-icon-vector-22975105-150x150.jpg]
[www.leonsintegrations.com/wp-content/uploads/2021/01/IMG20201019112638__1_-removebg-preview-150x150.png]
[www.leonsintegrations.com/wp-content/uploads/2021/01/high570303_abcd570303_5a9e67d2bbef3-150x150.png]
[www.leonsintegrations.com/product-tag/bldc-ceiling-fan-controller-card/index.html]
[www.leonsintegrations.com/wp-includes/js/comment-reply.min3d41.js]
[www.leonsintegrations.com/product-tag/bldc-ceiling-fan-driver-card/index.html]
[www.leonsintegrations.com/wp-content/themes/oceanwp/assets/js/third/woo/woo-ajax-add-to-cart.minef6d.js]
[www.leonsintegrations.com/product/bldc-driver-card-ceiling-fan/index.html]
[www.leonsintegrations.com/shop/control-cards/fuel-dispenser-control-card/index.html]
[www.leonsintegrations.com/shop/smart-energy/mppt-charge-controller/index.html]
[www.leonsintegrations.com/wp-json/wp/v2/pages/762.json]
[www.leonsintegrations.com/product-tag/ceiling-fan-driver-card/index.html]
[www.leonsintegrations.com/wp-json/oembed/1.0/embede0ac.json]
[www.leonsintegrations.com/wp-json/oembed/1.0/embed9c30]
[www.leonsintegrations.com/smart-energy/index.html]
[www.leonsintegrations.com/shop/smart-energy/1-o-energy-meter/index.html]
[www.leonsintegrations.com/wp-json/wp/v2/product/1600.json]
[www.leonsintegrations.com/product/3-o-energy-meter/feed/index.html]
[www.leonsintegrations.com/wp-json/oembed/1.0/embedc940.json]
[www.leonsintegrations.com/wp-json/oembed/1.0/embedae2e]
[www.leonsintegrations.com/wp-content/uploads/2019/08/2.png]
[www.leonsintegrations.com/wp-content/uploads/2020/12/Buy-Bluetooth-recepit-printer-1-300x300.jpg]
[www.leonsintegrations.com/wp-content/uploads/2019/08/2-300x300.png]
[www.leonsintegrations.com/product/3-o-energy-meter/index.html]
[www.leonsintegrations.com/product/2-bluetooth-thermal-printer/index.html]
[www.leonsintegrations.com/product-category/thermal-printer/index.html]
[www.leonsintegrations.com/product-category/thermal-printer/bluetooth-thermal-printer/index.html]
[www.leonsintegrations.com/wp-json/wp/v2/pages/877.json]
[www.leonsintegrations.com/product/1-o-energy-meter/index.html]
[www.leonsintegrations.com/wp-json/oembed/1.0/embed56ec.json]
[www.leonsintegrations.com/wp-json/oembed/1.0/embed9578]
[www.leonsintegrations.com/wp-content/uploads/2020/01/868-150x150.png]
[www.leonsintegrations.com/product-category/iot-iiot-module/bluetooth-module/index.html]
[www.leonsintegrations.com/wp-content/uploads/2020/01/L206C-150x150.png]
[www.leonsintegrations.com/wp-content/uploads/2020/01/Wi_Fi_Module-150x150.jpg]
[www.leonsintegrations.com/iot-iiot-modules/index.html]
[www.leonsintegrations.com/product-category/iot-iiot-module/gsm-gps-module/index.html]
[www.leonsintegrations.com/product-category/iot-iiot-module/wi-fi-module/index.html]
[www.leonsintegrations.com/wp-json/wp/v2/pages/886.json]
[www.leonsintegrations.com/wp-json/oembed/1.0/embed0d00.json]
[www.leonsintegrations.com/wp-json/oembed/1.0/embed25c0]
[www.leonsintegrations.com/wp-content/uploads/2020/01/final1-150x150.jpg]
[www.leonsintegrations.com/bluetooth-module/index.html]
[www.leonsintegrations.com/shop/iot-iiot-module/bluetooth-module/1t01/index.html]
[www.leonsintegrations.com/shop/iot-iiot-module/bluetooth-module/1t02/index.html]
[www.leonsintegrations.com/shop/iot-iiot-module/bluetooth-module/1n01/index.html]
[www.leonsintegrations.com/shop/iot-iiot-module/bluetooth-module/1t07/index.html]
[www.leonsintegrations.com/shop/iot-iiot-module/bluetooth-module/1r01/index.html]
[www.leonsintegrations.com/wp-json/wp/v2/pages/1077.json]
[www.leonsintegrations.com/wp-json/oembed/1.0/embedde49.json]
[www.leonsintegrations.com/wp-json/oembed/1.0/embed94d4]
[www.leonsintegrations.com/gsm-gps-module/index.html]
[www.leonsintegrations.com/shop/iot-iiot-module/gsm-gps-module/ligsm-800c/index.html]
[www.leonsintegrations.com/shop/iot-iiot-module/gsm-gps-module/gsmgps-868/index.html]
[www.leonsintegrations.com/shop/iot-iiot-module/gsm-gps-module/ligsm-206c/index.html]
[www.leonsintegrations.com/wp-json/wp/v2/pages/1080.json]
[www.leonsintegrations.com/wp-json/oembed/1.0/embed1f21.json]
[www.leonsintegrations.com/wp-json/oembed/1.0/embed621b]
[www.leonsintegrations.com/wi-fi-module/index.html]
[www.leonsintegrations.com/shop/iot-iiot-module/wi-fi-module/smwt-1e/index.html]
[www.leonsintegrations.com/wp-json/wp/v2/pages/3730.json]
[www.leonsintegrations.com/wp-json/oembed/1.0/embed2740.json]
[www.leonsintegrations.com/wp-json/oembed/1.0/embed18a9]
[www.leonsintegrations.com/wp-content/uploads/2020/01/Buy-Bluetooth-thermal-printer-150x150.jpg]
[www.leonsintegrations.com/wp-content/uploads/2020/01/ia_10000001-150x150.jpg]
[www.leonsintegrations.com/thermal-printers/index.html]
[www.leonsintegrations.com/shop/thermal-printer/bluetooth-thermal-printer/2-bluetooth-thermal-printer/index.html]
[www.leonsintegrations.com/shop/thermal-printer/panel-mount-thermal-printer/2-inch-panel-mount-thermal-printer/index.html]
[www.leonsintegrations.com/wp-json/wp/v2/pages/5184.json]
[www.leonsintegrations.com/wp-json/oembed/1.0/embedb6ba.json]
[www.leonsintegrations.com/wp-json/oembed/1.0/embeda4fd]
[www.leonsintegrations.com/wp-content/uploads/elementor/thumbs/pcb_design-p2lpnti6pd44xfrcslkeikxi16pbags4lc9cefkkhk.png]
[www.leonsintegrations.com/indexa2a7.html]
[www.leonsintegrations.com/wp-content/uploads/2021/02/pcblayout.jpg]
[www.leonsintegrations.com/wp-content/uploads/2021/02/sigal-layer.png]
[www.leonsintegrations.com/wp-content/uploads/2021/02/double_side_pcb.png]
[www.leonsintegrations.com/wp-content/uploads/2021/02/Multilayer-PCB.png]
[www.leonsintegrations.com/wp-content/uploads/2021/02/rigid.png]
[www.leonsintegrations.com/wp-content/uploads/2021/02/Flex_PCB.png]
[www.leonsintegrations.com/wp-content/uploads/2021/02/rigid-flex_pcb_design.png]
[www.leonsintegrations.com/pcb-design/index.html]
[www.leonsintegrations.com/wp-json/wp/v2/pages/2865.json]
[www.leonsintegrations.com/wp-json/oembed/1.0/embedf88b.json]
[www.leonsintegrations.com/wp-json/oembed/1.0/embedbadf]
[www.leonsintegrations.com/wp-content/uploads/elementor/thumbs/Resilience-png-oka751iprtt9hh3phkerm9pao2s5gcjjfnig3mk7i8.png]
[www.leonsintegrations.com/wp-content/uploads/elementor/thumbs/love-for-tech-final-okgwywtcx7hp6zcbbq60gdgc9cnrn08nppedyia5mo.png]
[www.leonsintegrations.com/wp-content/uploads/elementor/thumbs/determined-dreamer-new-okgv5ckmyj082z2d7l916sux0x9k6jpdo6qkdrv280.png]
[www.leonsintegrations.com/wp-content/uploads/elementor/thumbs/think-outside-box-new-png-okdept1w3vl3q7cyjkw89tc9cswgvdhntiyqwjcqo0.png]
[www.leonsintegrations.com/wp-content/uploads/2020/01/why-choose-us-e1580122615283.png]
[www.leonsintegrations.com/wp-content/uploads/2020/01/Vision.png]
[www.leonsintegrations.com/wp-content/uploads/elementor/thumbs/About-Us-page-image-1-ojpfxziznpwoqd9eiwnb59d3mwp5oigaqu2a05unx0.png]
[www.leonsintegrations.com/wp-content/uploads/elementor/thumbs/piller-1-oka7xi2k69bu80ahta37dwr8zgnirxpbis5t3e9dq8.png]
[www.leonsintegrations.com/wp-content/uploads/2020/01/about-us-page-768x768.png]
[www.leonsintegrations.com/wp-content/uploads/essential-addons-elementor/8e28690ee.minf772.js]
[www.leonsintegrations.com/about/index.html]
[www.leonsintegrations.com/wp-json/wp/v2/pages/21.json]
[www.leonsintegrations.com/wp-json/oembed/1.0/embedceea.json]
[www.leonsintegrations.com/wp-json/oembed/1.0/embed1314]
[www.leonsintegrations.com/contact-us/index.html]
[www.leonsintegrations.com/wp-content/uploads/2020/01/sPrin-2P-K01-300x300.jpg]
[www.leonsintegrations.com/shop/feed/index.html]
[www.leonsintegrations.com/wp-content/uploads/2020/01/868-300x300.png]
[www.leonsintegrations.com/shop/index7150.html]
[www.leonsintegrations.com/wp-content/uploads/2020/01/L206C-300x300.png]
[www.leonsintegrations.com/shop/index4cef.html]
[www.leonsintegrations.com/shop/index130f.html]
[www.leonsintegrations.com/product/2-inch-panel-mount-thermal-printer/index.html]
[www.leonsintegrations.com/wp-content/themes/oceanwp/assets/js/third/infinitescroll.minef6d.js]
[www.leonsintegrations.com/shop/index.html]
[www.leonsintegrations.com/product-category/thermal-printer/panel-mount-thermal-printer/index.html]
[www.leonsintegrations.com/product/gsmgps-868/index.html]
[www.leonsintegrations.com/product/ligsm-206c/index.html]
[www.leonsintegrations.com/wp-json/wp/v2/pages/662.json]
[www.leonsintegrations.com/shop/page/2/index.html]
[www.leonsintegrations.com/wp-json/oembed/1.0/embed7745.json]
[www.leonsintegrations.com/wp-json/oembed/1.0/embed2b86]
[www.leonsintegrations.com/wp-content/uploads/elementor/thumbs/Careers-oeaokdlwfimsysas1l7k7lx8fak89jew8ofbhwtlj8.jpg]
[www.leonsintegrations.com/wp-content/uploads/2020/12/Selection-Process-for-Embedded-Programmer.pdf]
[www.leonsintegrations.com/wp-content/uploads/2020/12/Joining-Document-for-Production-Head.pdf]
[www.leonsintegrations.com/wp-content/uploads/2020/12/Selection-Process-for-Hardware-Design-Engineer.pdf]
[www.leonsintegrations.com/wp-content/uploads/2020/12/Joining-Document-for-Hardware-Engineer-TL.pdf]
[www.leonsintegrations.com/wp-content/uploads/2020/12/Joining-Document-for-Sales-.pdf]
[www.leonsintegrations.com/wp-content/uploads/2020/12/priscilla-du-preez-6FtD8hXC91c-unsplash-768x512.jpg]
[www.leonsintegrations.com/careers/index.html]
[www.leonsintegrations.com/wp-content/plugins/astra-widgets/assets/css/minified/astra-widget-list-icons.min4281.css]
[www.leonsintegrations.com/wp-content/plugins/woocommerce/assets/css/photoswipe/default-skin/default-skin.png]
[www.leonsintegrations.com/wp-content/plugins/woocommerce/assets/css/photoswipe/photoswipe.min7bcd.css]
[www.leonsintegrations.com/wp-content/plugins/woocommerce/assets/css/photoswipe/default-skin/preloader.gif]
[www.leonsintegrations.com/wp-content/plugins/woocommerce/assets/css/photoswipe/default-skin/default-skin.min7bcd.css]
[www.leonsintegrations.com/wp-content/plugins/wpforms-lite/assets/css/wpforms-full.min2745.css]
[www.leonsintegrations.com/wp-content/themes/oceanwp/assets/fonts/fontawesome/webfonts/fa-brands-400.svg]
[www.leonsintegrations.com/wp-content/themes/oceanwp/assets/fonts/fontawesome/webfonts/fa-regular-400.svg]
[www.leonsintegrations.com/wp-content/themes/oceanwp/assets/fonts/fontawesome/webfonts/fa-solid-900.svg]
[www.leonsintegrations.com/wp-content/themes/oceanwp/assets/fonts/simple-line-icons/Simple-Line-Iconsb26c.svg]
[www.leonsintegrations.com/wp-content/themes/oceanwp/assets/fonts/slick/slick.svg]
[www.leonsintegrations.com/wp-content/themes/oceanwp/assets/fonts/star/star.svg]
[www.leonsintegrations.com/wp-content/plugins/elementor/assets/lib/eicons/fonts/eiconsc2cd.svg]
[www.leonsintegrations.com/wp-content/plugins/elementor/assets/lib/font-awesome/webfonts/fa-brands-400.svg]
[www.leonsintegrations.com/wp-content/uploads/elementor/css/post-18a02c.css]
[www.leonsintegrations.com/wp-content/plugins/elementor/assets/lib/font-awesome/webfonts/fa-solid-900.eot]
[www.leonsintegrations.com/wp-content/plugins/elementor/assets/lib/font-awesome/webfonts/fa-solid-900.woff2]
[www.leonsintegrations.com/wp-content/plugins/elementor/assets/lib/font-awesome/webfonts/fa-solid-900d41d.eot]
[www.leonsintegrations.com/wp-content/plugins/elementor/assets/lib/font-awesome/webfonts/fa-solid-900.woff]
[www.leonsintegrations.com/wp-content/plugins/elementor/assets/lib/font-awesome/webfonts/fa-solid-900.ttf]
[www.leonsintegrations.com/wp-content/plugins/elementor/assets/lib/font-awesome/css/solid.minb683.css]
[www.leonsintegrations.com/index0735.html]
[www.leonsintegrations.com/shop/smart-energy/3-o-energy-meter/index.html]
[www.leonsintegrations.com/product-category/smart-energy/index.html]
[www.leonsintegrations.com/product-category/smart-energy/feed/index.html]
[www.leonsintegrations.com/product-category/smart-energy/index7150.html]
[www.leonsintegrations.com/product-category/smart-energy/index4cef.html]
[www.leonsintegrations.com/wp-content/uploads/2020/01/800C-1-300x300.png]
[www.leonsintegrations.com/wp-content/uploads/2020/01/Wi_Fi_Module-300x300.jpg]
[www.leonsintegrations.com/product-category/smart-energy/index130f.html]
[www.leonsintegrations.com/wp-content/uploads/2020/01/LIBT-1N01-300x300.png]
[www.leonsintegrations.com/product-category/iot-iiot-module/feed/index.html]
[www.leonsintegrations.com/wp-content/uploads/2020/01/RS10-300x300.png]
[www.leonsintegrations.com/wp-content/uploads/2020/01/final2.jpg]
[www.leonsintegrations.com/product-category/iot-iiot-module/index7150.html]
[www.leonsintegrations.com/wp-content/uploads/2020/01/final1-300x195.jpg]
[www.leonsintegrations.com/product-category/iot-iiot-module/index4cef.html]
[www.leonsintegrations.com/product-category/iot-iiot-module/index130f.html]
[www.leonsintegrations.com/wp-content/uploads/2020/01/SMBT-1T07-300x300.png]
[www.leonsintegrations.com/product-category/iot-iiot-module/index.html]
[www.leonsintegrations.com/product/ligsm-800c/index.html]
[www.leonsintegrations.com/product-category/control-cards/index7150.html]
[www.leonsintegrations.com/product/smwt-1e/index.html]
[www.leonsintegrations.com/product/1n01/index.html]
[www.leonsintegrations.com/product-category/control-cards/index4cef.html]
[www.leonsintegrations.com/product/1r01/index.html]
[www.leonsintegrations.com/product/bluetooth-wireless-module-1t01/index.html]
[www.leonsintegrations.com/product/1t02/index.html]
[www.leonsintegrations.com/product-category/control-cards/index130f.html]
[www.leonsintegrations.com/wp-json/wp/v2/product/5148.json]
[www.leonsintegrations.com/product/fuel-dispenser-control-card/feed/index.html]
[www.leonsintegrations.com/product/1t07/index.html]
[www.leonsintegrations.com/wp-json/oembed/1.0/embed1add.json]
[www.leonsintegrations.com/wp-json/oembed/1.0/embed9d26]
[www.leonsintegrations.com/wp-content/uploads/2021/01/Fuel-Dispenser-Control-Card-.png]
[www.leonsintegrations.com/wp-content/uploads/2021/01/Fuel-Dispenser-Control-Card--600x604.png]
[www.leonsintegrations.com/product/fuel-dispenser-control-card/index.html]
[www.leonsintegrations.com/wp-json/wp/v2/product/4898.json]
[www.leonsintegrations.com/product/mppt-charge-controller/feed/index.html]
[www.leonsintegrations.com/wp-json/oembed/1.0/embedba51.json]
[www.leonsintegrations.com/wp-json/oembed/1.0/embedd1eb]
[www.leonsintegrations.com/wp-content/uploads/2020/03/img_20190223.png]
[www.leonsintegrations.com/product/mppt-charge-controller/index.html]
[www.leonsintegrations.com/wp-content/plugins/woocommerce/assets/css/select27bcd.css]
[www.leonsintegrations.com/shop/control-cards/bldc-driver-card-ceiling-fan/index.html]
[www.leonsintegrations.com/index146e.html]
[www.leonsintegrations.com/wp-content/uploads/2020/01/pdf-1.svg]
[www.leonsintegrations.com/wp-content/uploads/2020/02/product.svg]
[www.leonsintegrations.com/product-tag/bldc-ceiling-fan-controller-card/index.html]
[www.leonsintegrations.com/product-tag/bldc-ceiling-fan-controller-card/feed/index.html]
[www.leonsintegrations.com/product-tag/bldc-ceiling-fan-controller-card/index7150.html]
[www.leonsintegrations.com/product-tag/bldc-ceiling-fan-driver-card/index.html]
[www.leonsintegrations.com/product-tag/bldc-ceiling-fan-controller-card/index4cef.html]
[www.leonsintegrations.com/product-tag/bldc-ceiling-fan-controller-card/index130f.html]
[www.leonsintegrations.com/product-tag/ceiling-fan-driver-card/index.html]
[www.leonsintegrations.com/product-tag/bldc-ceiling-fan-driver-card/feed/index.html]
[www.leonsintegrations.com/product-tag/bldc-ceiling-fan-driver-card/index7150.html]
[www.leonsintegrations.com/wp-content/uploads/elementor/css/post-7628a7e.css]
[www.leonsintegrations.com/product-tag/bldc-ceiling-fan-driver-card/index4cef.html]
[www.leonsintegrations.com/product-tag/bldc-ceiling-fan-driver-card/index130f.html]
[www.leonsintegrations.com/index272e.html]
[www.leonsintegrations.com/product-tag/ceiling-fan-driver-card/feed/index.html]
[www.leonsintegrations.com/index497f.html]
[www.leonsintegrations.com/product-tag/ceiling-fan-driver-card/index7150.html]
[www.leonsintegrations.com/product-tag/ceiling-fan-driver-card/index4cef.html]
[www.leonsintegrations.com/wp-json/wp/v2/product/3013.json]
[www.leonsintegrations.com/product-tag/ceiling-fan-driver-card/index130f.html]
[www.leonsintegrations.com/product/2-bluetooth-thermal-printer/feed/index.html]
[www.leonsintegrations.com/wp-json/oembed/1.0/embeded3d.json]
[www.leonsintegrations.com/wp-json/oembed/1.0/embedca02]
[www.leonsintegrations.com/wp-content/uploads/2020/12/Buy-Bluetooth-recepit-printer-1.jpg]
[www.leonsintegrations.com/wp-content/uploads/2020/12/Buy-Bluetooth-recepit-printer-1-600x600.jpg]
[www.leonsintegrations.com/wp-content/uploads/2020/01/ia_10000001.jpg]
[www.leonsintegrations.com/wp-content/uploads/2020/01/ia_10000001-600x600.jpg]
[www.leonsintegrations.com/wp-content/uploads/2020/01/Poket-printer.jpg]
[www.leonsintegrations.com/wp-content/uploads/2020/01/Poket-printer-600x600.jpg]
[www.leonsintegrations.com/wp-content/uploads/2020/01/Recepit-printer-with-Bluetooth.jpg]
[www.leonsintegrations.com/wp-content/uploads/2020/01/Recepit-printer-with-Bluetooth-600x600.jpg]
[www.leonsintegrations.com/wp-content/uploads/2020/01/Buy-Bluetooth-thermal-printer.jpg]
[www.leonsintegrations.com/wp-content/uploads/2020/01/Buy-Bluetooth-thermal-printer-600x600.jpg]
[www.leonsintegrations.com/wp-content/uploads/2020/01/Bluetooth-thermal-printer.jpg]
[www.leonsintegrations.com/wp-content/uploads/2020/01/Bluetooth-thermal-printer-600x600.jpg]
[www.leonsintegrations.com/product/2-bluetooth-thermal-printer/index.html]
[www.leonsintegrations.com/product-category/thermal-printer/index.html]
[www.leonsintegrations.com/product-tag/2-inch-bluetooth-bill-printer/index.html]
[www.leonsintegrations.com/product-tag/2-inch-bluetooth-pos-printer/index.html]
[www.leonsintegrations.com/product-category/thermal-printer/bluetooth-thermal-printer/index.html]
[www.leonsintegrations.com/product-tag/2-inch-bluetooth-thermal-printer/index.html]
[www.leonsintegrations.com/product-tag/2-inch-mobile-thermal-printer/index.html]
[www.leonsintegrations.com/wp-json/wp/v2/product/1490.json]
[www.leonsintegrations.com/product-tag/2-inch-portable-thermal-printer/index.html]
[www.leonsintegrations.com/product-tag/thermal-printer/index.html]
[www.leonsintegrations.com/product-category/thermal-printer/feed/index.html]
[www.leonsintegrations.com/product-category/thermal-printer/index7150.html]
[www.leonsintegrations.com/wp-json/oembed/1.0/embedf33f.json]
[www.leonsintegrations.com/product-category/thermal-printer/bluetooth-thermal-printer/feed/index.html]
[www.leonsintegrations.com/wp-json/oembed/1.0/embed61c7]
[www.leonsintegrations.com/product-category/thermal-printer/index4cef.html]
[www.leonsintegrations.com/product-category/thermal-printer/index130f.html]
[www.leonsintegrations.com/wp-content/uploads/2019/11/img_20201214-300x255.png]
[www.leonsintegrations.com/wp-content/uploads/2019/11/design-an-app-icon-e1608101564547-300x114.jpg]
[www.leonsintegrations.com/product-category/thermal-printer/bluetooth-thermal-printer/index7150.html]
[www.leonsintegrations.com/product/1-o-energy-meter/index.html]
[www.leonsintegrations.com/product-category/thermal-printer/bluetooth-thermal-printer/index4cef.html]
[www.leonsintegrations.com/product/1-o-energy-meter/feed/index.html]
[www.leonsintegrations.com/wp-content/uploads/elementor/css/post-877b022.css]
[www.leonsintegrations.com/product-category/thermal-printer/bluetooth-thermal-printer/index130f.html]
[www.leonsintegrations.com/indexe1f1.html]
[www.leonsintegrations.com/product-category/iot-iiot-module/bluetooth-module/index.html]
[www.leonsintegrations.com/product-category/iot-iiot-module/bluetooth-module/feed/index.html]
[www.leonsintegrations.com/product-tag/1-q-power-energy-meter/index.html]
[www.leonsintegrations.com/product-category/iot-iiot-module/gsm-gps-module/index.html]
[www.leonsintegrations.com/product-tag/single-phase-digital-energy-meter/index.html]
[www.leonsintegrations.com/product-category/iot-iiot-module/bluetooth-module/index7150.html]
[www.leonsintegrations.com/product-category/iot-iiot-module/wi-fi-module/index.html]
[www.leonsintegrations.com/product-category/iot-iiot-module/gsm-gps-module/feed/index.html]
[www.leonsintegrations.com/product-category/iot-iiot-module/bluetooth-module/index4cef.html]
[www.leonsintegrations.com/product-category/iot-iiot-module/bluetooth-module/index130f.html]
[www.leonsintegrations.com/wp-content/uploads/elementor/css/post-88601d3.css]
[www.leonsintegrations.com/product-category/iot-iiot-module/wi-fi-module/feed/index.html]
[www.leonsintegrations.com/product-category/iot-iiot-module/gsm-gps-module/index4cef.html]
[www.leonsintegrations.com/product-category/iot-iiot-module/gsm-gps-module/index7150.html]
[www.leonsintegrations.com/product-category/iot-iiot-module/gsm-gps-module/index130f.html]
[www.leonsintegrations.com/index6cf4.html]
[www.leonsintegrations.com/wp-content/uploads/elementor/css/post-10772f9f.css]
[www.leonsintegrations.com/index8146.html]
[www.leonsintegrations.com/wp-content/uploads/elementor/css/post-1080b046.css]
[www.leonsintegrations.com/indexc7c9.html]
[www.leonsintegrations.com/wp-content/uploads/elementor/css/post-3730ffc4.css]
[www.leonsintegrations.com/indexd800.html]
[www.leonsintegrations.com/wp-content/uploads/elementor/css/post-5184893a.css]
[www.leonsintegrations.com/indexafa8.html]
[www.leonsintegrations.com/indexa2a7.html]
[www.leonsintegrations.com/pcb-design/_data_image/svg+xml,_svg xmlns='http_/www.w3.org/2000/svg' preserveAspectRatio='none' overflow='visib/__/svg__.html]
[www.leonsintegrations.com/wp-content/uploads/essential-addons-elementor/8e28690ee.minf772.css]
[www.leonsintegrations.com/wp-content/uploads/elementor/css/post-2865ac5d.css]
[www.leonsintegrations.com/indexf00b.html]
[www.leonsintegrations.com/wp-content/uploads/elementor/css/post-3303ac5d.css]
[www.leonsintegrations.com/wp-content/uploads/elementor/css/post-3536ac5d.css]
[www.leonsintegrations.com/wp-content/uploads/elementor/css/post-2180b4.css]
[www.leonsintegrations.com/index3965.html]
[www.leonsintegrations.com/wp-content/uploads/2019/11/support.svg]
[www.leonsintegrations.com/wp-content/uploads/2019/11/whatsapp-1.svg]
[www.leonsintegrations.com/wp-content/uploads/2019/11/skype.svg]
[www.leonsintegrations.com/wp-content/uploads/2020/01/mail.svg]
[www.leonsintegrations.com/wp-content/uploads/2019/11/wechat.svg]
[www.leonsintegrations.com/wp-content/uploads/2019/11/messenger.svg]
[www.leonsintegrations.com/shop/index7150.html]
[www.leonsintegrations.com/product-category/iot-iiot-module/wi-fi-module/index4cef.html]
[www.leonsintegrations.com/product-category/iot-iiot-module/wi-fi-module/index130f.html]
[www.leonsintegrations.com/product-category/iot-iiot-module/wi-fi-module/index7150.html]
[www.leonsintegrations.com/wp-content/uploads/2020/03/Asset-5solar-monitor-300x300.jpg]
[www.leonsintegrations.com/shop/page/2/index7150.html]
[www.leonsintegrations.com/shop/index4cef.html]
[www.leonsintegrations.com/shop/index130f.html]
[www.leonsintegrations.com/product/solar-monitoring-system/index.html]
[www.leonsintegrations.com/wp-json/wp/v2/product/3045.json]
[www.leonsintegrations.com/product/2-inch-panel-mount-thermal-printer/feed/index.html]
[www.leonsintegrations.com/product-category/uncategorized/index.html]
[www.leonsintegrations.com/wp-json/oembed/1.0/embede9bd.json]
[www.leonsintegrations.com/wp-json/oembed/1.0/embed9b00]
[www.leonsintegrations.com/wp-content/uploads/2020/01/sPrin-2P-K01.jpg]
[www.leonsintegrations.com/wp-content/uploads/2020/12/sPrin-2P-R01.jpg]
[www.leonsintegrations.com/product/2-inch-panel-mount-thermal-printer/index.html]
[www.leonsintegrations.com/product-category/thermal-printer/panel-mount-thermal-printer/index.html]
[www.leonsintegrations.com/product-tag/2-inch-panel-mount-thermal-printer/index.html]
[www.leonsintegrations.com/product-tag/panel-thermal-printer/index.html]
[www.leonsintegrations.com/product-category/thermal-printer/panel-mount-thermal-printer/feed/index.html]
[www.leonsintegrations.com/wp-json/wp/v2/product/3005.json]
[www.leonsintegrations.com/wp-json/oembed/1.0/embedd318.json]
[www.leonsintegrations.com/product-category/thermal-printer/panel-mount-thermal-printer/index7150.html]
[www.leonsintegrations.com/product-category/thermal-printer/panel-mount-thermal-printer/index130f.html]
[www.leonsintegrations.com/product-category/thermal-printer/panel-mount-thermal-printer/index4cef.html]
[www.leonsintegrations.com/wp-json/oembed/1.0/embed6725]
[www.leonsintegrations.com/product/gsmgps-868/feed/index.html]
[www.leonsintegrations.com/wp-content/uploads/2020/01/868.png]
[www.leonsintegrations.com/wp-content/uploads/2020/01/868-600x484.png]
[www.leonsintegrations.com/product/gsmgps-868/index.html]
[www.leonsintegrations.com/product/ligsm-206c/feed/index.html]
[www.leonsintegrations.com/wp-json/wp/v2/product/3001.json]
[www.leonsintegrations.com/wp-json/oembed/1.0/embedd7ec.json]
[www.leonsintegrations.com/wp-json/oembed/1.0/embedb0a4]
[www.leonsintegrations.com/wp-content/uploads/2020/01/L206C.png]
[www.leonsintegrations.com/wp-content/uploads/2020/01/L206C-600x499.png]
[www.leonsintegrations.com/product/ligsm-206c/index.html]
[www.leonsintegrations.com/shop/page/2/index.html]
[www.leonsintegrations.com/wp-content/uploads/elementor/css/post-93261d5.css]
[www.leonsintegrations.com/wp-content/uploads/elementor/css/post-1017f4c8.css]
[www.leonsintegrations.com/wp-content/uploads/elementor/css/post-662a833.css]
[www.leonsintegrations.com/indexfc9a.html]
[www.leonsintegrations.com/wp-content/plugins/woocommerce/assets/css/photoswipe/default-skin/default-skin.svg]
[www.leonsintegrations.com/wp-content/plugins/wpforms-lite/assets/images/times-solid-white.svg]
[www.leonsintegrations.com/wp-content/plugins/elementor/assets/lib/font-awesome/webfonts/fa-solid-900.svg]
[www.leonsintegrations.com/product-category/smart-energy/index7150.html]
[www.leonsintegrations.com/product-category/smart-energy/index4cef.html]
[www.leonsintegrations.com/product-category/smart-energy/index130f.html]
[www.leonsintegrations.com/product-category/iot-iiot-module/index7150.html]
[www.leonsintegrations.com/product-category/iot-iiot-module/index4cef.html]
[www.leonsintegrations.com/product-category/iot-iiot-module/index130f.html]
[www.leonsintegrations.com/wp-json/wp/v2/product/2997.json]
[www.leonsintegrations.com/product/ligsm-800c/feed/index.html]
[www.leonsintegrations.com/wp-json/oembed/1.0/embed9a91.json]
[www.leonsintegrations.com/wp-json/oembed/1.0/embed043f]
[www.leonsintegrations.com/wp-content/uploads/2020/01/800C-1.png]
[www.leonsintegrations.com/wp-content/uploads/2020/01/800C-1-600x531.png]
[www.leonsintegrations.com/wp-content/uploads/2020/01/800C-2.png]
[www.leonsintegrations.com/wp-content/uploads/2020/01/800C-2-600x595.png]
[www.leonsintegrations.com/product/ligsm-800c/index.html]
[www.leonsintegrations.com/wp-json/wp/v2/product/3008.json]
[www.leonsintegrations.com/product/smwt-1e/feed/index.html]
[www.leonsintegrations.com/wp-json/oembed/1.0/embedad45.json]
[www.leonsintegrations.com/wp-json/oembed/1.0/embede924]
[www.leonsintegrations.com/wp-content/uploads/2020/01/Wi_Fi_Module.jpg]
[www.leonsintegrations.com/wp-content/uploads/2020/01/Wi-Fi-Module.jpg]
[www.leonsintegrations.com/wp-content/uploads/2020/01/wi-fi_module.jpg]
[www.leonsintegrations.com/product/smwt-1e/index.html]
[www.leonsintegrations.com/wp-json/wp/v2/product/2993.json]
[www.leonsintegrations.com/product/1n01/feed/index.html]
[www.leonsintegrations.com/wp-json/oembed/1.0/embed4fb0.json]
[www.leonsintegrations.com/wp-json/oembed/1.0/embedf00c]
[www.leonsintegrations.com/wp-content/uploads/2020/01/LIBT-1N01.png]
[www.leonsintegrations.com/product/1n01/index.html]
[www.leonsintegrations.com/product/1r01/feed/index.html]
[www.leonsintegrations.com/wp-json/wp/v2/product/2995.json]
[www.leonsintegrations.com/wp-json/oembed/1.0/embedf18e.json]
[www.leonsintegrations.com/wp-json/oembed/1.0/embed987d]
[www.leonsintegrations.com/wp-content/uploads/2020/01/RS10.png]
[www.leonsintegrations.com/wp-content/uploads/2020/01/RS10-600x665.png]
[www.leonsintegrations.com/product/1r01/index.html]
[www.leonsintegrations.com/wp-json/wp/v2/product/2978.json]
[www.leonsintegrations.com/shop/iot-iiot-module/bluetooth-module/bluetooth-wireless-module-1t01/index.html]
[www.leonsintegrations.com/wp-json/oembed/1.0/embedbdcb.json]
[www.leonsintegrations.com/product/bluetooth-wireless-module-1t01/feed/index.html]
[www.leonsintegrations.com/wp-json/oembed/1.0/embed4309]
[www.leonsintegrations.com/wp-content/uploads/2020/01/final.jpg]
[www.leonsintegrations.com/product/bluetooth-wireless-module-1t01/index.html]
[www.leonsintegrations.com/product-tag/ble-module/index.html]
[www.leonsintegrations.com/product-tag/bluetooth-modules/index.html]
[www.leonsintegrations.com/wp-json/wp/v2/product/2986.json]
[www.leonsintegrations.com/product/1t02/feed/index.html]
[www.leonsintegrations.com/wp-json/oembed/1.0/embed9017.json]
[www.leonsintegrations.com/wp-json/oembed/1.0/embed5499]
[www.leonsintegrations.com/wp-content/uploads/2020/01/final1.jpg]
[www.leonsintegrations.com/product/1t02/index.html]
[www.leonsintegrations.com/wp-json/wp/v2/product/2988.json]
[www.leonsintegrations.com/product/1t07/feed/index.html]
[www.leonsintegrations.com/wp-json/oembed/1.0/embed7bc7.json]
[www.leonsintegrations.com/wp-json/oembed/1.0/embed725d]
[www.leonsintegrations.com/wp-content/uploads/2020/01/SMBT-1T07.png]
[www.leonsintegrations.com/product/1t07/index.html]
[www.leonsintegrations.com/index697e.html]
[www.leonsintegrations.com/index1ac3.html]
[www.leonsintegrations.com/product-tag/bldc-ceiling-fan-controller-card/index7150.html]
[www.leonsintegrations.com/product-tag/bldc-ceiling-fan-controller-card/index4cef.html]
[www.leonsintegrations.com/product-tag/bldc-ceiling-fan-controller-card/index130f.html]
[www.leonsintegrations.com/product-tag/bldc-ceiling-fan-driver-card/index7150.html]
[www.leonsintegrations.com/product-tag/bldc-ceiling-fan-driver-card/index4cef.html]
[www.leonsintegrations.com/product-tag/bldc-ceiling-fan-driver-card/index130f.html]
[www.leonsintegrations.com/product-tag/ceiling-fan-driver-card/index7150.html]
[www.leonsintegrations.com/product-tag/ceiling-fan-driver-card/index4cef.html]
[www.leonsintegrations.com/product-tag/ceiling-fan-driver-card/index130f.html]
[www.leonsintegrations.com/indexb5e2.html]
[www.leonsintegrations.com/product-tag/2-inch-bluetooth-bill-printer/index.html]
[www.leonsintegrations.com/product-tag/2-inch-bluetooth-bill-printer/feed/index.html]
[www.leonsintegrations.com/product-tag/2-inch-bluetooth-bill-printer/index7150.html]
[www.leonsintegrations.com/product-tag/2-inch-bluetooth-pos-printer/index.html]
[www.leonsintegrations.com/product-tag/2-inch-bluetooth-bill-printer/index4cef.html]
[www.leonsintegrations.com/product-tag/2-inch-bluetooth-bill-printer/index130f.html]
[www.leonsintegrations.com/product-tag/2-inch-bluetooth-thermal-printer/index.html]
[www.leonsintegrations.com/product-tag/2-inch-bluetooth-pos-printer/feed/index.html]
[www.leonsintegrations.com/product-tag/2-inch-mobile-thermal-printer/index.html]
[www.leonsintegrations.com/product-tag/2-inch-bluetooth-pos-printer/index7150.html]
[www.leonsintegrations.com/product-tag/2-inch-bluetooth-pos-printer/index4cef.html]
[www.leonsintegrations.com/product-tag/2-inch-portable-thermal-printer/index.html]
[www.leonsintegrations.com/product-tag/2-inch-bluetooth-thermal-printer/feed/index.html]
[www.leonsintegrations.com/product-tag/2-inch-bluetooth-pos-printer/index130f.html]
[www.leonsintegrations.com/product-tag/thermal-printer/index.html]
[www.leonsintegrations.com/product-tag/2-inch-bluetooth-thermal-printer/index4cef.html]
[www.leonsintegrations.com/product-tag/2-inch-bluetooth-thermal-printer/index7150.html]
[www.leonsintegrations.com/product-tag/2-inch-mobile-thermal-printer/feed/index.html]
[www.leonsintegrations.com/product-tag/2-inch-bluetooth-thermal-printer/index130f.html]
[www.leonsintegrations.com/product-category/thermal-printer/index7150.html]
[www.leonsintegrations.com/product-tag/2-inch-mobile-thermal-printer/index7150.html]
[www.leonsintegrations.com/product-category/thermal-printer/index4cef.html]
[www.leonsintegrations.com/product-tag/2-inch-mobile-thermal-printer/index4cef.html]
[www.leonsintegrations.com/product-tag/2-inch-portable-thermal-printer/feed/index.html]
[www.leonsintegrations.com/product-tag/2-inch-mobile-thermal-printer/index130f.html]
[www.leonsintegrations.com/product-category/thermal-printer/index130f.html]
[www.leonsintegrations.com/product-tag/2-inch-portable-thermal-printer/index7150.html]
[www.leonsintegrations.com/product-category/thermal-printer/bluetooth-thermal-printer/index7150.html]
[www.leonsintegrations.com/product-tag/2-inch-portable-thermal-printer/index4cef.html]
[www.leonsintegrations.com/product-tag/thermal-printer/feed/index.html]
[www.leonsintegrations.com/product-tag/2-inch-portable-thermal-printer/index130f.html]
[www.leonsintegrations.com/product-category/thermal-printer/bluetooth-thermal-printer/index4cef.html]
[www.leonsintegrations.com/product-category/thermal-printer/bluetooth-thermal-printer/index130f.html]
[www.leonsintegrations.com/indexa7b3.html]
[www.leonsintegrations.com/product-tag/1-q-power-energy-meter/index.html]
[www.leonsintegrations.com/product-tag/1-q-power-energy-meter/feed/index.html]
[www.leonsintegrations.com/product-tag/thermal-printer/index7150.html]
[www.leonsintegrations.com/product-tag/thermal-printer/index4cef.html]
[www.leonsintegrations.com/product-tag/single-phase-digital-energy-meter/index.html]
[www.leonsintegrations.com/product-tag/thermal-printer/index130f.html]
[www.leonsintegrations.com/product-category/iot-iiot-module/bluetooth-module/index7150.html]
[www.leonsintegrations.com/product-tag/1-q-power-energy-meter/index7150.html]
[www.leonsintegrations.com/product-tag/1-q-power-energy-meter/index4cef.html]
[www.leonsintegrations.com/product-tag/single-phase-digital-energy-meter/feed/index.html]
[www.leonsintegrations.com/product-tag/1-q-power-energy-meter/index130f.html]
[www.leonsintegrations.com/product-category/iot-iiot-module/bluetooth-module/index4cef.html]
[www.leonsintegrations.com/product-category/iot-iiot-module/bluetooth-module/index130f.html]
[www.leonsintegrations.com/product-category/iot-iiot-module/gsm-gps-module/index7150.html]
[www.leonsintegrations.com/product-category/iot-iiot-module/gsm-gps-module/index4cef.html]
[www.leonsintegrations.com/product-category/iot-iiot-module/gsm-gps-module/index130f.html]
[www.leonsintegrations.com/product-category/iot-iiot-module/wi-fi-module/index7150.html]
[www.leonsintegrations.com/product-category/iot-iiot-module/wi-fi-module/index4cef.html]
[www.leonsintegrations.com/product-category/iot-iiot-module/wi-fi-module/index130f.html]
[www.leonsintegrations.com/shop/page/2/index7150.html]
[www.leonsintegrations.com/product-tag/single-phase-digital-energy-meter/index7150.html]
[www.leonsintegrations.com/product-tag/single-phase-digital-energy-meter/index4cef.html]
[www.leonsintegrations.com/product-tag/single-phase-digital-energy-meter/index130f.html]
[www.leonsintegrations.com/wp-json/wp/v2/product/4900.json]
[www.leonsintegrations.com/product/solar-monitoring-system/feed/index.html]
[www.leonsintegrations.com/shop/uncategorized/solar-monitoring-system/index.html]
[www.leonsintegrations.com/wp-json/oembed/1.0/embed5039.json]
[www.leonsintegrations.com/wp-json/oembed/1.0/embed29cc]
[www.leonsintegrations.com/wp-content/uploads/2020/03/Asset-5solar-monitor-scaled.jpg]
[www.leonsintegrations.com/wp-content/uploads/2020/03/Asset-5solar-monitor-600x284.jpg]
[www.leonsintegrations.com/product/solar-monitoring-system/index.html]
[www.leonsintegrations.com/product-category/uncategorized/index.html]
[www.leonsintegrations.com/product-category/uncategorized/feed/index.html]
[www.leonsintegrations.com/index290c.html]
[www.leonsintegrations.com/product-category/uncategorized/index7150.html]
[www.leonsintegrations.com/product-category/uncategorized/index130f.html]
[www.leonsintegrations.com/product-category/uncategorized/index4cef.html]
[www.leonsintegrations.com/product-tag/2-inch-panel-mount-thermal-printer/index.html]
[www.leonsintegrations.com/product-tag/2-inch-panel-mount-thermal-printer/feed/index.html]
[www.leonsintegrations.com/product-tag/2-inch-panel-mount-thermal-printer/index7150.html]
[www.leonsintegrations.com/product-tag/panel-thermal-printer/index.html]
[www.leonsintegrations.com/product-tag/2-inch-panel-mount-thermal-printer/index4cef.html]
[www.leonsintegrations.com/product-tag/2-inch-panel-mount-thermal-printer/index130f.html]
[www.leonsintegrations.com/product-tag/panel-thermal-printer/feed/index.html]
[www.leonsintegrations.com/product-category/thermal-printer/panel-mount-thermal-printer/index7150.html]
[www.leonsintegrations.com/product-tag/panel-thermal-printer/index4cef.html]
[www.leonsintegrations.com/product-tag/panel-thermal-printer/index7150.html]
[www.leonsintegrations.com/product-category/thermal-printer/panel-mount-thermal-printer/index4cef.html]
[www.leonsintegrations.com/product-category/thermal-printer/panel-mount-thermal-printer/index130f.html]
[www.leonsintegrations.com/index6002.html]
[www.leonsintegrations.com/indexdc17.html]
[www.leonsintegrations.com/indexa4d5.html]
[www.leonsintegrations.com/indexe65a.html]
[www.leonsintegrations.com/index00b0.html]
[www.leonsintegrations.com/index1b7a.html]
[www.leonsintegrations.com/shop/iot-iiot-module/bluetooth-module/bluetooth-wireless-module-1t01/index.html]
[www.leonsintegrations.com/indexae17.html]
[www.leonsintegrations.com/product-tag/ble-module/index.html]
[www.leonsintegrations.com/product-tag/panel-thermal-printer/index130f.html]
[www.leonsintegrations.com/product-tag/ble-module/feed/index.html]
[www.leonsintegrations.com/product-tag/ble-module/index7150.html]
[www.leonsintegrations.com/product-tag/ble-module/index4cef.html]
[www.leonsintegrations.com/product-tag/bluetooth-modules/index.html]
[www.leonsintegrations.com/product-tag/bluetooth-modules/feed/index.html]
[www.leonsintegrations.com/product-tag/bluetooth-modules/index7150.html]
[www.leonsintegrations.com/product-tag/ble-module/index130f.html]
[www.leonsintegrations.com/index9fc3.html]
[www.leonsintegrations.com/index0aae.html]
[www.leonsintegrations.com/product-tag/2-inch-bluetooth-bill-printer/index7150.html]
[www.leonsintegrations.com/product-tag/2-inch-bluetooth-bill-printer/index4cef.html]
[www.leonsintegrations.com/product-tag/2-inch-bluetooth-bill-printer/index130f.html]
[www.leonsintegrations.com/product-tag/2-inch-bluetooth-pos-printer/index7150.html]
[www.leonsintegrations.com/product-tag/2-inch-bluetooth-pos-printer/index4cef.html]
[www.leonsintegrations.com/product-tag/2-inch-bluetooth-pos-printer/index130f.html]
[www.leonsintegrations.com/product-tag/2-inch-bluetooth-thermal-printer/index7150.html]
[www.leonsintegrations.com/product-tag/2-inch-bluetooth-thermal-printer/index4cef.html]
[www.leonsintegrations.com/product-tag/2-inch-bluetooth-thermal-printer/index130f.html]
[www.leonsintegrations.com/product-tag/2-inch-mobile-thermal-printer/index7150.html]
[www.leonsintegrations.com/product-tag/2-inch-mobile-thermal-printer/index4cef.html]
[www.leonsintegrations.com/product-tag/2-inch-mobile-thermal-printer/index130f.html]
[www.leonsintegrations.com/product-tag/2-inch-portable-thermal-printer/index7150.html]
[www.leonsintegrations.com/product-tag/2-inch-portable-thermal-printer/index4cef.html]
[www.leonsintegrations.com/product-tag/2-inch-portable-thermal-printer/index130f.html]
[www.leonsintegrations.com/product-tag/thermal-printer/index7150.html]
[www.leonsintegrations.com/product-tag/thermal-printer/index4cef.html]
[www.leonsintegrations.com/product-tag/thermal-printer/index130f.html]
[www.leonsintegrations.com/product-tag/1-q-power-energy-meter/index7150.html]
[www.leonsintegrations.com/product-tag/1-q-power-energy-meter/index4cef.html]
[www.leonsintegrations.com/product-tag/1-q-power-energy-meter/index130f.html]
[www.leonsintegrations.com/product-tag/single-phase-digital-energy-meter/index7150.html]
[www.leonsintegrations.com/product-tag/single-phase-digital-energy-meter/index4cef.html]
[www.leonsintegrations.com/product-tag/single-phase-digital-energy-meter/index130f.html]
[www.leonsintegrations.com/shop/uncategorized/solar-monitoring-system/index.html]
[www.leonsintegrations.com/indexd223.html]
[www.leonsintegrations.com/product-tag/bluetooth-modules/index4cef.html]
[www.leonsintegrations.com/product-tag/bluetooth-modules/index130f.html]
[www.leonsintegrations.com/product-category/uncategorized/index7150.html]
[www.leonsintegrations.com/product-category/uncategorized/index4cef.html]
[www.leonsintegrations.com/product-category/uncategorized/index130f.html]
[www.leonsintegrations.com/product-tag/2-inch-panel-mount-thermal-printer/index7150.html]
[www.leonsintegrations.com/product-tag/2-inch-panel-mount-thermal-printer/index4cef.html]
[www.leonsintegrations.com/product-tag/2-inch-panel-mount-thermal-printer/index130f.html]
[www.leonsintegrations.com/product-tag/panel-thermal-printer/index7150.html]
[www.leonsintegrations.com/product-tag/panel-thermal-printer/index4cef.html]
[www.leonsintegrations.com/product-tag/panel-thermal-printer/index130f.html]
[www.leonsintegrations.com/product-tag/ble-module/index7150.html]
[www.leonsintegrations.com/product-tag/ble-module/index4cef.html]
[www.leonsintegrations.com/product-tag/ble-module/index130f.html]
[www.leonsintegrations.com/product-tag/bluetooth-modules/index7150.html]
[www.leonsintegrations.com/product-tag/bluetooth-modules/index4cef.html]
[www.leonsintegrations.com/product-tag/bluetooth-modules/index130f.html]
